// Jest Snapshot v1, https://goo.gl/fbAQLP

exports[`<Dashboard /> component. Successfully renders a Dashboard if the profile property in the Profile state is populated. 1`] = `
<Fragment>
  <h1
    className="large text-primary"
  >
    Dashboard
  </h1>
  <p>
    <i
      className="fas fa-user"
    />
    Welcome 
  </p>
  <DashboardButtons />
  <Connect(Destinations) />
  <Connect(Gears) />
</Fragment>
`;
